SCIP version 10.0.0 [precision: 8 byte] [memory: block] [mode: optimized] [LP solver: Soplex 8.0.0] [GitHash: 860534740c]
Copyright (c) 2002-2025 Zuse Institute Berlin (ZIB)

External libraries: 
  Soplex 8.0.0         Linear Programming Solver developed at Zuse Institute Berlin (soplex.zib.de) [GitHash: 17fa8dbc]
  CppAD 20180000.0     Algorithmic Differentiation of C++ algorithms developed by B. Bell (github.com/coin-or/CppAD)
  ZLIB 1.2.13          General purpose compression library by J. Gailly and M. Adler (zlib.net)
  TinyCThread 1.2      small portable implementation of the C11 threads API (tinycthread.github.io)
  AMPL/MP 4.0.0        AMPL .nl file reader library (github.com/ampl/mp)
  Nauty 2.8.8          Computing Graph Automorphism Groups by Brendan D. McKay (users.cecs.anu.edu.au/~bdm/nauty)
  sassy 1.1            Symmetry preprocessor by Markus Anders (github.com/markusa4/sassy)

user parameter file <scip.set> not found - using default parameters

read problem <ass_coms_en_dies.lp>
============

original problem has 15300 variables (0 bin, 15300 int, 0 impl, 0 cont) and 90240 constraints

solve problem
=============

presolving:
(round 1, fast)       3755 del vars, 45454 del conss, 0 add conss, 85 chg bounds, 0 chg sides, 0 chg coeffs, 0 upgd conss, 0 impls, 20281 clqs
(round 2, fast)       9725 del vars, 61086 del conss, 0 add conss, 169 chg bounds, 0 chg sides, 0 chg coeffs, 0 upgd conss, 0 impls, 18088 clqs
(round 3, fast)       9725 del vars, 63064 del conss, 0 add conss, 169 chg bounds, 0 chg sides, 0 chg coeffs, 0 upgd conss, 0 impls, 18088 clqs
(round 4, exhaustive) 9725 del vars, 63107 del conss, 0 add conss, 169 chg bounds, 0 chg sides, 0 chg coeffs, 0 upgd conss, 0 impls, 18088 clqs
(round 5, exhaustive) 9725 del vars, 63107 del conss, 0 add conss, 169 chg bounds, 0 chg sides, 0 chg coeffs, 27118 upgd conss, 0 impls, 18088 clqs
(round 6, exhaustive) 9725 del vars, 90197 del conss, 9030 add conss, 169 chg bounds, 0 chg sides, 0 chg coeffs, 27118 upgd conss, 0 impls, 18088 clqs
(round 7, exhaustive) 14240 del vars, 94712 del conss, 9030 add conss, 169 chg bounds, 0 chg sides, 0 chg coeffs, 27118 upgd conss, 0 impls, 9058 clqs
   (6.3s) probing: 1000/4730 (21.1%) - 0 fixings, 0 aggregations, 191859 implications, 0 bound changes
   (6.4s) probing: 1001/4730 (21.2%) - 0 fixings, 0 aggregations, 192122 implications, 0 bound changes
   (6.4s) probing aborted: 1000/1000 successive useless probings
   (6.4s) symmetry computation started: requiring (bin +, int +, cont +), (fixed: bin -, int -, cont -)
   (6.4s) symmetry computation finished: 5 generators found (max: 1500, log10 of symmetry group size: 0.0) (symcode time: 0.04)
dynamic symmetry handling statistics:
   orbitopal reduction:       no components
   orbital reduction:          1 components of sizes 5
   lexicographic reduction:    5 permutations with support sizes 1892, 1892, 420, 2144, 1892
handled 1 out of 1 symmetry components
presolving (8 rounds: 8 fast, 5 medium, 5 exhaustive):
 14240 deleted vars, 94712 deleted constraints, 9030 added constraints, 169 tightened bounds, 0 added holes, 0 changed sides, 0 changed coefficients
 0 implications, 201180 cliques
presolved problem has 4730 variables (4730 bin, 0 int, 0 impl, 0 cont) and 4558 constraints
     28 constraints of type <setppc>
   4515 constraints of type <and>
     15 constraints of type <linear>
transformed objective value is always integral (scale: 2)
Presolving Time: 6.08

 time | node  | left  |LP iter|LP it/n|mem/heur|mdpt |vars |cons |rows |cuts |sepa|confs|strbr|  dualbound   | primalbound  |  gap   | compl. 
p 7.0s|     1 |     0 |     0 |     - |  clique|   0 |4730 |4558 |9073 |   0 |  0 |   0 |   0 | 1.656000e+03 | 1.237540e+05 |7373.07%| unknown
  7.9s|     1 |     0 |   347 |     - |   207M |   0 |4730 |4558 |9073 |   0 |  0 |   0 |   0 | 3.222600e+04 | 1.237540e+05 | 284.02%| unknown
 11.9s|     1 |     0 |   404 |     - |   211M |   0 |4730 |4558 |9092 |  19 |  1 |   0 |   0 | 3.232300e+04 | 1.237540e+05 | 282.87%| unknown
 13.0s|     1 |     0 |   531 |     - |   212M |   0 |4730 |4558 |9108 |  35 |  2 |   0 |   0 | 3.239300e+04 | 1.237540e+05 | 282.04%| unknown
 14.4s|     1 |     0 |   728 |     - |   213M |   0 |4730 |4558 |9125 |  52 |  3 |   0 |   0 | 3.256800e+04 | 1.237540e+05 | 279.99%| unknown
 15.6s|     1 |     0 |   910 |     - |   216M |   0 |4730 |4558 |9139 |  66 |  4 |   0 |   0 | 3.266600e+04 | 1.237540e+05 | 278.85%| unknown
 17.2s|     1 |     0 |  1037 |     - |   217M |   0 |4730 |4558 |9155 |  82 |  5 |   0 |   0 | 3.283900e+04 | 1.237540e+05 | 276.85%| unknown
 18.0s|     1 |     0 |  1383 |     - |   221M |   0 |4730 |4558 |9173 | 100 |  6 |   0 |   0 | 3.312900e+04 | 1.237540e+05 | 273.55%| unknown
 19.4s|     1 |     0 |  1454 |     - |   222M |   0 |4730 |4558 |9192 | 119 |  7 |   0 |   0 | 3.324710e+04 | 1.237540e+05 | 272.22%| unknown
 21.1s|     1 |     0 |  1637 |     - |   225M |   0 |4730 |4558 |9213 | 140 |  8 |   0 |   0 | 3.343367e+04 | 1.237540e+05 | 270.15%| unknown
 22.5s|     1 |     0 |  1889 |     - |   228M |   0 |4730 |4558 |9228 | 155 |  9 |   0 |   0 | 3.355360e+04 | 1.237540e+05 | 268.82%| unknown
 24.0s|     1 |     0 |  2203 |     - |   231M |   0 |4730 |4558 |9241 | 168 | 10 |   0 |   0 | 3.382867e+04 | 1.237540e+05 | 265.83%| unknown
 24.4s|     1 |     0 |  2383 |     - |   232M |   0 |4730 |4558 |9253 | 180 | 11 |   0 |   0 | 3.393500e+04 | 1.237540e+05 | 264.68%| unknown
 24.9s|     1 |     0 |  2644 |     - |   233M |   0 |4730 |4558 |9266 | 193 | 12 |   0 |   0 | 3.399012e+04 | 1.237540e+05 | 264.09%| unknown
 25.5s|     1 |     0 |  2939 |     - |   234M |   0 |4730 |4558 |9281 | 208 | 13 |   0 |   0 | 3.407867e+04 | 1.237540e+05 | 263.14%| unknown
 time | node  | left  |LP iter|LP it/n|mem/heur|mdpt |vars |cons |rows |cuts |sepa|confs|strbr|  dualbound   | primalbound  |  gap   | compl. 
 26.1s|     1 |     0 |  3235 |     - |   235M |   0 |4730 |4558 |9292 | 219 | 14 |   0 |   0 | 3.413043e+04 | 1.237540e+05 | 262.59%| unknown
 26.6s|     1 |     0 |  3404 |     - |   236M |   0 |4730 |4558 |9304 | 231 | 15 |   0 |   0 | 3.416399e+04 | 1.237540e+05 | 262.24%| unknown
 27.2s|     1 |     0 |  3632 |     - |   237M |   0 |4730 |4558 |9316 | 243 | 16 |   0 |   0 | 3.422805e+04 | 1.237540e+05 | 261.56%| unknown
 27.7s|     1 |     0 |  3874 |     - |   238M |   0 |4730 |4558 |9310 | 252 | 17 |   0 |   0 | 3.427208e+04 | 1.237540e+05 | 261.09%| unknown
 28.2s|     1 |     0 |  4063 |     - |   239M |   0 |4730 |4558 |9319 | 261 | 18 |   0 |   0 | 3.430757e+04 | 1.237540e+05 | 260.72%| unknown
 28.7s|     1 |     0 |  4277 |     - |   240M |   0 |4730 |4558 |9328 | 270 | 19 |   0 |   0 | 3.435310e+04 | 1.237540e+05 | 260.24%| unknown
 29.3s|     1 |     0 |  4558 |     - |   241M |   0 |4730 |4558 |9337 | 279 | 20 |   0 |   0 | 3.440785e+04 | 1.237540e+05 | 259.67%| unknown
 29.6s|     1 |     0 |  4594 |     - |   241M |   0 |4730 |4558 |9338 | 280 | 21 |   0 |   0 | 3.440906e+04 | 1.237540e+05 | 259.66%| unknown
 29.9s|     1 |     0 |  4595 |     - |   241M |   0 |4730 |4558 |9339 | 281 | 22 |   0 |   0 | 3.440906e+04 | 1.237540e+05 | 259.66%| unknown
 67.8s|     1 |     2 | 17793 |     - |   243M |   0 |4730 |4558 |9339 | 281 | 23 |   0 |  36 | 3.471677e+04 | 1.237540e+05 | 256.47%| unknown
d 185s|    31 |    30 | 32941 | 944.9 |pscostdi|  16 |4730 |4558 |9360 |   0 |  1 |   0 | 342 | 3.633300e+04 | 8.939600e+04 | 146.05%|  10.49%
d 193s|    43 |    42 | 38753 | 813.3 |adaptive|  16 |4730 |4558 |9410 |   0 |  1 |   0 | 342 | 3.633300e+04 | 7.582600e+04 | 108.70%|  10.49%
  261s|   100 |    95 | 71841 | 679.3 |   295M |  16 |4730 |4571 |9522 |1358 |  1 |  13 | 384 | 3.818250e+04 | 7.582600e+04 |  98.59%|  11.33%
d 263s|   105 |    86 | 74326 | 670.5 |veclendi|  18 |4730 |4571 |9523 |   0 |  1 |  13 | 384 | 3.818250e+04 | 7.166800e+04 |  87.70%|  11.41%
d 315s|   169 |   124 |115646 | 661.0 |linesear|  19 |4730 |4558 |9367 |   0 |  1 |  13 | 411 | 3.958533e+04 | 6.961600e+04 |  75.86%|  12.88%
 time | node  | left  |LP iter|LP it/n|mem/heur|mdpt |vars |cons |rows |cuts |sepa|confs|strbr|  dualbound   | primalbound  |  gap   | compl. 
  372s|   200 |   155 |179565 | 879.2 |   347M |  19 |4730 |4558 |9402 |3382 |  1 |  13 | 452 | 3.958533e+04 | 6.961600e+04 |  75.86%|  14.09%
d 397s|   211 |   164 |206825 | 963.0 |conflict|  19 |4730 |4578 |9814 |   0 | 12 |  33 | 467 | 3.958533e+04 | 6.897200e+04 |  74.24%|  14.22%
d 433s|   238 |   185 |251712 |1042.7 |veclendi|  19 |4730 |4582 |9887 |   0 | 20 |  37 | 483 | 4.004667e+04 | 6.853000e+04 |  71.13%|  16.11%
d 511s|   289 |   236 |351936 |1206.0 |linesear|  19 |4730 |4614 |9740 |   0 |  1 |  69 | 526 | 4.197400e+04 | 6.846600e+04 |  63.12%|  16.55%
  525s|   300 |   247 |370575 |1224.0 |   410M |  19 |4730 |4618 |9678 |7072 |  1 |  73 | 526 | 4.197400e+04 | 6.846600e+04 |  63.12%|  16.66%
d 653s|   357 |   293 |503814 |1402.3 |linesear|  19 |4730 |4662 |9880 |   0 | 22 | 117 | 591 | 4.351800e+04 | 6.755400e+04 |  55.23%|  17.45%
  749s|   400 |   336 |613981 |1527.3 |   505M |  19 |4730 |4742 |9904 |  15k| 14 | 197 | 629 | 4.351800e+04 | 6.755400e+04 |  55.23%|  18.32%
d 790s|   411 |   328 |651945 |1578.9 |veclendi|  19 |4730 |4742 |9887 |   0 |  2 | 197 | 654 | 4.375267e+04 | 6.422000e+04 |  46.78%|  18.78%
  984s|   500 |   399 |859583 |1713.4 |   590M |  19 |4730 |4868 |9883 |  21k|  1 | 323 | 737 | 4.594000e+04 | 6.422000e+04 |  39.79%|  19.97%
 1203s|   600 |   487 |  1077k|1791.3 |   661M |  19 |4730 |4995 |9904 |  27k|  3 | 450 | 872 | 4.728792e+04 | 6.422000e+04 |  35.81%|  21.01%
 1595s|   700 |   573 |  1377k|1964.3 |   768M |  19 |4730 |5173 |  10k|  35k|  1 | 631 |1020 | 4.781633e+04 | 6.422000e+04 |  34.31%|  23.00%
 1847s|   800 |   632 |  1525k|1903.9 |   781M |  30 |4730 |5211 |9835 |  36k|  0 | 673 |1102 | 4.809917e+04 | 6.422000e+04 |  33.52%|  23.36%
 2053s|   900 |   671 |  1644k|1823.9 |   792M |  30 |4730 |5285 |9945 |  38k|  1 | 749 |1201 | 4.841050e+04 | 6.422000e+04 |  32.66%|  23.50%
L2073s|   925 |   676 |  1668k|1800.5 |    gins|  30 |4730 |5134 |9995 |  38k|  1 | 780 |1214 | 4.845567e+04 | 6.386800e+04 |  31.81%|  23.55%
L2073s|   925 |   649 |  1668k|1800.5 |    gins|  30 |4730 |5134 |9995 |  38k|  1 | 780 |1214 | 4.845567e+04 | 6.329400e+04 |  30.62%|  23.84%
 time | node  | left  |LP iter|LP it/n|mem/heur|mdpt |vars |cons |rows |cuts |sepa|confs|strbr|  dualbound   | primalbound  |  gap   | compl. 
 2136s|  1000 |   686 |  1737k|1734.6 |   795M |  30 |4730 |5177 |9986 |  38k|  1 | 823 |1264 | 4.845567e+04 | 6.329400e+04 |  30.62%|  23.96%
Restart triggered after 50 consecutive estimations that the remaining tree will be large
(run 1, node 1059) performing user restart

(restart) converted 320 cuts from the global cut pool into linear constraints

presolving:
(round 1, exhaustive) 0 del vars, 3 del conss, 0 add conss, 0 chg bounds, 0 chg sides, 0 chg coeffs, 320 upgd conss, 0 impls, 201180 clqs
(round 2, exhaustive) 0 del vars, 72 del conss, 0 add conss, 0 chg bounds, 0 chg sides, 12 chg coeffs, 320 upgd conss, 0 impls, 201180 clqs
presolving (3 rounds: 3 fast, 3 medium, 3 exhaustive):
 0 deleted vars, 72 deleted constraints, 0 added constraints, 0 tightened bounds, 0 added holes, 0 changed sides, 12 changed coefficients
 0 implications, 201180 cliques
presolved problem has 4730 variables (4730 bin, 0 int, 0 impl, 0 cont) and 5475 constraints
    315 constraints of type <knapsack>
     33 constraints of type <setppc>
   4515 constraints of type <and>
     15 constraints of type <linear>
    597 constraints of type <logicor>
transformed objective value is always integral (scale: 2)
Presolving Time: 6.59
transformed 24/24 original solutions to the transformed problem space

 time | node  | left  |LP iter|LP it/n|mem/heur|mdpt |vars |cons |rows |cuts |sepa|confs|strbr|  dualbound   | primalbound  |  gap   | compl. 
 2204s|     1 |     0 |  1806k|     - |   804M |   0 |4730 |5475 |9393 |   0 |  0 | 873 |1308 | 4.874156e+04 | 6.329400e+04 |  29.86%| unknown
 2207s|     1 |     0 |  1806k|     - |   805M |   0 |4730 |5475 |9403 |  10 |  1 | 873 |1308 | 4.874156e+04 | 6.329400e+04 |  29.86%| unknown
 2207s|     1 |     0 |  1807k|     - |   806M |   0 |4730 |5475 |9414 |  21 |  2 | 873 |1308 | 4.874156e+04 | 6.329400e+04 |  29.86%| unknown
 2208s|     1 |     0 |  1807k|     - |   807M |   0 |4730 |5475 |9427 |  34 |  3 | 873 |1308 | 4.874156e+04 | 6.329400e+04 |  29.86%| unknown
 2209s|     1 |     0 |  1807k|     - |   807M |   0 |4730 |5475 |9436 |  43 |  4 | 873 |1308 | 4.874156e+04 | 6.329400e+04 |  29.86%| unknown
 2210s|     1 |     0 |  1808k|     - |   808M |   0 |4730 |5475 |9450 |  57 |  5 | 873 |1308 | 4.874156e+04 | 6.329400e+04 |  29.86%| unknown
 2211s|     1 |     0 |  1808k|     - |   810M |   0 |4730 |5475 |9462 |  69 |  6 | 873 |1308 | 4.874156e+04 | 6.329400e+04 |  29.86%| unknown
 2212s|     1 |     0 |  1809k|     - |   811M |   0 |4730 |5476 |9471 |  78 |  7 | 874 |1308 | 4.874156e+04 | 6.329400e+04 |  29.86%| unknown
 2212s|     1 |     0 |  1809k|     - |   814M |   0 |4730 |5476 |9479 |  86 |  8 | 874 |1308 | 4.874156e+04 | 6.329400e+04 |  29.86%| unknown
 2213s|     1 |     0 |  1809k|     - |   818M |   0 |4730 |5476 |9488 |  95 |  9 | 874 |1308 | 4.874156e+04 | 6.329400e+04 |  29.86%| unknown
 2215s|     1 |     0 |  1810k|     - |   822M |   0 |4730 |5477 |9496 | 103 | 10 | 875 |1308 | 4.874156e+04 | 6.329400e+04 |  29.86%| unknown
 2215s|     1 |     0 |  1810k|     - |   822M |   0 |4730 |5477 |9506 | 113 | 11 | 875 |1308 | 4.874156e+04 | 6.329400e+04 |  29.86%| unknown
 2215s|     1 |     0 |  1810k|     - |   823M |   0 |4730 |5477 |9512 | 119 | 12 | 875 |1308 | 4.874156e+04 | 6.329400e+04 |  29.86%| unknown
 2216s|     1 |     0 |  1810k|     - |   823M |   0 |4730 |5477 |9516 | 123 | 13 | 875 |1308 | 4.874156e+04 | 6.329400e+04 |  29.86%| unknown
 2216s|     1 |     0 |  1811k|     - |   824M |   0 |4730 |5477 |9421 | 135 | 14 | 875 |1308 | 4.874156e+04 | 6.329400e+04 |  29.86%| unknown
 time | node  | left  |LP iter|LP it/n|mem/heur|mdpt |vars |cons |rows |cuts |sepa|confs|strbr|  dualbound   | primalbound  |  gap   | compl. 
 2216s|     1 |     0 |  1811k|     - |   826M |   0 |4730 |5477 |9426 | 140 | 15 | 875 |1308 | 4.874156e+04 | 6.329400e+04 |  29.86%| unknown
 2217s|     1 |     0 |  1811k|     - |   827M |   0 |4730 |5477 |9435 | 149 | 16 | 875 |1308 | 4.874156e+04 | 6.329400e+04 |  29.86%| unknown
 2217s|     1 |     0 |  1811k|     - |   828M |   0 |4730 |5477 |9439 | 153 | 17 | 875 |1308 | 4.874156e+04 | 6.329400e+04 |  29.86%| unknown
 2217s|     1 |     0 |  1812k|     - |   829M |   0 |4730 |5477 |9449 | 163 | 18 | 875 |1308 | 4.874156e+04 | 6.329400e+04 |  29.86%| unknown
 2218s|     1 |     0 |  1812k|     - |   829M |   0 |4730 |5477 |9454 | 168 | 19 | 875 |1308 | 4.874156e+04 | 6.329400e+04 |  29.86%| unknown
 2218s|     1 |     0 |  1812k|     - |   829M |   0 |4730 |5477 |9429 | 175 | 20 | 875 |1308 | 4.874156e+04 | 6.329400e+04 |  29.86%| unknown
 2218s|     1 |     0 |  1812k|     - |   829M |   0 |4730 |5477 |9433 | 179 | 21 | 875 |1308 | 4.874156e+04 | 6.329400e+04 |  29.86%| unknown
 2218s|     1 |     0 |  1812k|     - |   829M |   0 |4730 |5477 |9434 | 180 | 22 | 875 |1308 | 4.874156e+04 | 6.329400e+04 |  29.86%| unknown
 2229s|     1 |     2 |  1827k|     - |   829M |   0 |4730 |5486 |9434 | 180 | 23 | 884 |1311 | 4.874156e+04 | 6.329400e+04 |  29.86%| unknown
 2346s|   100 |    97 |  1928k|1653.9 |   850M |  27 |4730 |5483 |9392 | 726 |  1 | 884 |1362 | 4.874156e+04 | 6.329400e+04 |  29.86%| unknown
 2540s|   200 |   179 |  2060k|1627.1 |   873M |  28 |4730 |5524 |9674 |3509 |  1 | 925 |1444 | 4.874156e+04 | 6.329400e+04 |  29.86%| unknown
 2676s|   300 |   245 |  2161k|1582.1 |   888M |  31 |4730 |5610 |9720 |5259 |  0 |1012 |1516 | 4.874156e+04 | 6.329400e+04 |  29.86%| unknown
 2891s|   400 |   329 |  2294k|1565.0 |   902M |  31 |4730 |5634 |9772 |7891 |  1 |1043 |1607 | 4.874156e+04 | 6.329400e+04 |  29.86%|   0.35%
 3073s|   500 |   415 |  2400k|1532.0 |   908M |  32 |4730 |5676 |9924 |9232 |  1 |1092 |1686 | 4.874156e+04 | 6.329400e+04 |  29.86%|   0.36%
d3189s|   581 |   484 |  2479k|1504.7 |veclendi|  36 |4730 |5712 |9932 |   0 |  2 |1129 |1754 | 4.874156e+04 | 6.291400e+04 |  29.08%|   0.36%
 time | node  | left  |LP iter|LP it/n|mem/heur|mdpt |vars |cons |rows |cuts |sepa|confs|strbr|  dualbound   | primalbound  |  gap   | compl. 
 3228s|   600 |   499 |  2504k|1502.4 |   914M |  37 |4730 |5712 |9932 |  11k|  1 |1129 |1775 | 4.874156e+04 | 6.291400e+04 |  29.08%|   0.43%
 3326s|   700 |   581 |  2577k|1458.5 |   924M |  38 |4730 |5870 |9975 |  12k|  3 |1289 |1835 | 4.874156e+04 | 6.291400e+04 |  29.08%|   0.81%
 3408s|   800 |   650 |  2640k|1414.1 |   925M |  38 |4730 |5930 |9971 |  12k|  1 |1352 |1893 | 4.874156e+04 | 6.291400e+04 |  29.08%|   0.99%
 3500s|   900 |   706 |  2710k|1377.7 |   931M |  38 |4730 |5960 |9952 |  13k|  1 |1385 |1950 | 4.874156e+04 | 6.291400e+04 |  29.08%|   1.31%
L3541s|   952 |   542 |  2738k|1355.9 |    gins|  38 |4730 |5997 |9927 |  13k|  2 |1422 |1984 | 4.874156e+04 | 6.153400e+04 |  26.25%|   1.53%
L3541s|   952 |   515 |  2738k|1355.9 |    gins|  38 |4730 |5997 |9927 |  13k|  2 |1422 |1984 | 4.874156e+04 | 6.121600e+04 |  25.59%|   1.54%
 3574s|  1000 |   523 |  2762k|1336.2 |   935M |  38 |4730 |6088 |9942 |  13k|  0 |1514 |2017 | 4.874156e+04 | 6.121600e+04 |  25.59%|   1.83%
 3879s|  1100 |   547 |  2880k|1328.5 |   945M |  38 |4730 |6147 |9966 |  15k|  0 |1583 |2116 | 4.874156e+04 | 6.121600e+04 |  25.59%|   2.95%
 4311s|  1200 |   607 |  3008k|1326.3 |   962M |  38 |4730 |6190 |9904 |  18k|  1 |1639 |2216 | 4.874156e+04 | 6.121600e+04 |  25.59%|   3.20%
 4487s|  1300 |   631 |  3064k|1293.9 |   964M |  38 |4730 |6231 |9935 |  18k|  5 |1685 |2261 | 4.874156e+04 | 6.121600e+04 |  25.59%|   3.31%
 4794s|  1400 |   665 |  3158k|1279.5 |   972M |  38 |4730 |6279 |9995 |  19k|  1 |1747 |2333 | 4.874156e+04 | 6.121600e+04 |  25.59%|   3.37%
 5024s|  1500 |   713 |  3235k|1259.8 |   975M |  38 |4730 |6312 |9974 |  19k|  2 |1787 |2396 | 4.874156e+04 | 6.121600e+04 |  25.59%|   3.37%
 5211s|  1600 |   734 |  3293k|1234.1 |   979M |  38 |4730 |6353 |  10k|  19k|  7 |1837 |2439 | 4.874156e+04 | 6.121600e+04 |  25.59%|   3.37%
 5457s|  1700 |   770 |  3370k|1217.4 |   983M |  38 |4730 |6396 |  10k|  20k|  1 |1887 |2490 | 4.874156e+04 | 6.121600e+04 |  25.59%|   3.37%
 5755s|  1800 |   796 |  3459k|1205.9 |   988M |  38 |4730 |6385 |  10k|  20k|  2 |1899 |2565 | 4.874156e+04 | 6.121600e+04 |  25.59%|   3.47%
 time | node  | left  |LP iter|LP it/n|mem/heur|mdpt |vars |cons |rows |cuts |sepa|confs|strbr|  dualbound   | primalbound  |  gap   | compl. 
 6059s|  1900 |   826 |  3548k|1195.0 |   997M |  38 |4730 |6404 |  10k|  22k|  0 |1944 |2625 | 4.874156e+04 | 6.121600e+04 |  25.59%|   3.74%
 6394s|  2000 |   865 |  3663k|1193.6 |  1004M |  38 |4730 |6440 |  10k|  23k|  2 |2002 |2707 | 4.874156e+04 | 6.121600e+04 |  25.59%|   3.76%
 6689s|  2100 |   921 |  3755k|1185.1 |  1006M |  38 |4730 |6440 |9766 |  24k|  2 |2015 |2784 | 4.874156e+04 | 6.121600e+04 |  25.59%|   3.76%
 6885s|  2200 |   943 |  3822k|1169.3 |  1007M |  38 |4730 |6469 |  10k|  25k|  1 |2048 |2824 | 4.874156e+04 | 6.121600e+04 |  25.59%|   3.77%
 7014s|  2300 |   978 |  3866k|1147.6 |  1010M |  38 |4730 |6488 |  10k|  25k|  0 |2070 |2855 | 4.874156e+04 | 6.121600e+04 |  25.59%|   3.77%
 7283s|  2400 |  1022 |  3957k|1140.7 |  1013M |  38 |4730 |6496 |9772 |  26k| 10 |2107 |2936 | 4.874156e+04 | 6.121600e+04 |  25.59%|   3.92%
 7790s|  2500 |  1084 |  4112k|1152.2 |  1028M |  38 |4730 |6627 |  10k|  28k|  1 |2260 |3035 | 4.874156e+04 | 6.121600e+04 |  25.59%|   4.06%
 8300s|  2600 |  1126 |  4255k|1159.8 |  1041M |  38 |4730 |6643 |  10k|  31k|  0 |2287 |3133 | 4.874156e+04 | 6.121600e+04 |  25.59%|   4.10%
 8821s|  2700 |  1151 |  4398k|1166.8 |  1067M |  38 |4730 |6690 |  10k|  33k|  0 |2365 |3258 | 4.874156e+04 | 6.121600e+04 |  25.59%|   4.30%
 9247s|  2800 |  1191 |  4523k|1169.2 |  1076M |  38 |4730 |6698 |  10k|  34k|  0 |2400 |3353 | 4.874156e+04 | 6.121600e+04 |  25.59%|   4.33%
 9780s|  2900 |  1229 |  4678k|1178.7 |  1099M |  38 |4730 |6690 |9828 |  36k|  1 |2427 |3457 | 4.874156e+04 | 6.121600e+04 |  25.59%|   4.84%
  171m|  3000 |  1299 |  4814k|1183.2 |  1111M |  38 |4730 |6681 |9939 |  38k|  2 |2455 |3555 | 4.874156e+04 | 6.121600e+04 |  25.59%|   4.90%
  178m|  3100 |  1371 |  4947k|1186.7 |  1119M |  38 |4730 |6693 |9854 |  40k|  1 |2488 |3640 | 4.874156e+04 | 6.121600e+04 |  25.59%|   4.93%
  183m|  3200 |  1445 |  5037k|1180.1 |  1124M |  38 |4730 |6730 |9878 |  40k|  1 |2536 |3707 | 4.874156e+04 | 6.121600e+04 |  25.59%|   4.93%
  193m|  3300 |  1509 |  5202k|1190.7 |  1138M |  38 |4730 |6802 |9991 |  43k|  2 |2658 |3862 | 4.874156e+04 | 6.121600e+04 |  25.59%|   5.08%
 time | node  | left  |LP iter|LP it/n|mem/heur|mdpt |vars |cons |rows |cuts |sepa|confs|strbr|  dualbound   | primalbound  |  gap   | compl. 
  198m|  3400 |  1558 |  5303k|1186.7 |  1143M |  38 |4730 |6836 |  10k|  45k|  2 |2717 |3922 | 4.874156e+04 | 6.121600e+04 |  25.59%|   5.20%
  206m|  3500 |  1606 |  5450k|1192.9 |  1160M |  38 |4730 |6845 |9882 |  47k|  2 |2766 |4041 | 4.874156e+04 | 6.121600e+04 |  25.59%|   5.91%
  214m|  3600 |  1646 |  5583k|1195.9 |  1179M |  38 |4730 |6885 |  10k|  50k|  1 |2835 |4157 | 4.874156e+04 | 6.121600e+04 |  25.59%|   6.12%
  222m|  3700 |  1694 |  5719k|1199.2 |  1189M |  38 |4730 |6978 |9919 |  52k|  1 |2946 |4271 | 4.874156e+04 | 6.121600e+04 |  25.59%|   6.23%
  232m|  3800 |  1744 |  5905k|1213.0 |  1212M |  38 |4730 |7033 |  10k|  55k|  1 |3031 |4408 | 4.874156e+04 | 6.121600e+04 |  25.59%|   6.35%
  238m|  3900 |  1808 |  6051k|1217.8 |  1224M |  38 |4730 |7024 |9855 |  57k|  1 |3055 |4521 | 4.874156e+04 | 6.121600e+04 |  25.59%|   6.43%
L 239m|  3906 |  1612 |  6057k|1217.6 |    gins|  38 |4730 |7020 |9901 |  57k|  1 |3055 |4529 | 4.874156e+04 | 6.068800e+04 |  24.51%|   6.61%
  245m|  4000 |  1660 |  6195k|1222.3 |  1236M |  38 |4730 |7037 |  10k|  60k|  0 |3095 |4638 | 4.874156e+04 | 6.068800e+04 |  24.51%|   6.78%
  253m|  4100 |  1722 |  6405k|1239.4 |  1254M |  38 |4730 |7049 |  10k|  62k|  2 |3144 |4771 | 4.874156e+04 | 6.068800e+04 |  24.51%|   6.90%
  258m|  4200 |  1778 |  6571k|1247.4 |  1265M |  38 |4730 |7056 |  10k|  63k|  3 |3187 |4879 | 4.874156e+04 | 6.068800e+04 |  24.51%|   6.95%
  262m|  4300 |  1815 |  6693k|1246.8 |  1271M |  38 |4730 |7089 |9705 |  64k|  0 |3241 |4969 | 4.874156e+04 | 6.068800e+04 |  24.51%|   6.95%
  264m|  4400 |  1865 |  6839k|1250.6 |  1282M |  38 |4730 |7097 |  10k|  65k|  2 |3283 |5070 | 4.874156e+04 | 6.068800e+04 |  24.51%|   7.08%
  267m|  4500 |  1893 |  6987k|1254.9 |  1294M |  38 |4730 |7140 |  10k|  67k|  4 |3351 |5187 | 4.874156e+04 | 6.068800e+04 |  24.51%|   7.30%
  269m|  4600 |  1915 |  7121k|1256.3 |  1304M |  38 |4730 |7178 |  10k|  69k|  0 |3424 |5292 | 4.874156e+04 | 6.068800e+04 |  24.51%|   7.68%
  272m|  4700 |  1961 |  7249k|1256.8 |  1318M |  38 |4730 |7270 |  10k|  71k| 13 |3550 |5395 | 4.874156e+04 | 6.068800e+04 |  24.51%|   7.97%
 time | node  | left  |LP iter|LP it/n|mem/heur|mdpt |vars |cons |rows |cuts |sepa|confs|strbr|  dualbound   | primalbound  |  gap   | compl. 
  275m|  4800 |  2011 |  7400k|1261.1 |  1321M |  38 |4730 |7265 |  10k|  71k|  1 |3585 |5500 | 4.874156e+04 | 6.068800e+04 |  24.51%|   8.03%
  280m|  4900 |  2045 |  7570k|1268.4 |  1340M |  38 |4730 |7255 |  10k|  74k|  2 |3632 |5611 | 4.874156e+04 | 6.068800e+04 |  24.51%|   8.80%
  283m|  5000 |  2097 |  7738k|1275.3 |  1352M |  38 |4730 |7297 |  10k|  76k|  1 |3735 |5761 | 4.874156e+04 | 6.068800e+04 |  24.51%|   8.87%
  286m|  5100 |  2153 |  7909k|1282.2 |  1358M |  38 |4730 |7309 |  10k|  77k|  2 |3771 |5880 | 4.874156e+04 | 6.068800e+04 |  24.51%|   8.91%
  289m|  5200 |  2191 |  8054k|1285.0 |  1363M |  38 |4730 |7301 |9630 |  79k|  1 |3851 |5987 | 4.874156e+04 | 6.068800e+04 |  24.51%|   9.64%
  292m|  5300 |  2247 |  8227k|1292.0 |  1369M |  38 |4730 |7301 |  10k|  81k|  1 |3879 |6131 | 4.874156e+04 | 6.068800e+04 |  24.51%|   9.77%
  878m|  5400 |  2271 |  8356k|1291.9 |  1375M |  38 |4730 |7359 |9763 |  83k|  2 |4015 |6261 | 4.874156e+04 | 6.068800e+04 |  24.51%|  10.35%
  884m|  5500 |  2333 |  8559k|1303.2 |  1387M |  38 |4730 |7354 |  10k|  85k|  3 |4042 |6371 | 4.874156e+04 | 6.068800e+04 |  24.51%|  10.45%
  890m|  5600 |  2383 |  8769k|1315.1 |  1403M |  38 |4730 |7329 |  10k|  87k|  0 |4048 |6440 | 4.874156e+04 | 6.068800e+04 |  24.51%|  10.53%
  897m|  5700 |  2435 |  8993k|1328.8 |  1418M |  38 |4730 |7390 |  10k|  88k|  3 |4135 |6600 | 4.874156e+04 | 6.068800e+04 |  24.51%|  10.54%
  903m|  5800 |  2475 |  9174k|1335.8 |  1434M |  38 |4730 |7440 |  10k|  89k|  2 |4232 |6706 | 4.874156e+04 | 6.068800e+04 |  24.51%|  10.56%
  909m|  5900 |  2513 |  9386k|1347.2 |  1451M |  38 |4730 |7419 |  10k|  90k|  2 |4271 |6762 | 4.874156e+04 | 6.068800e+04 |  24.51%|  10.69%
  914m|  6000 |  2555 |  9590k|1356.9 |  1466M |  38 |4730 |7384 |  10k|  92k|  1 |4304 |6805 | 4.874156e+04 | 6.068800e+04 |  24.51%|  10.89%
  917m|  6100 |  2607 |  9749k|1360.2 |  1469M |  38 |4730 |7369 |  10k|  92k|  0 |4347 |6837 | 4.874156e+04 | 6.068800e+04 |  24.51%|  10.90%
  922m|  6200 |  2661 |  9940k|1367.8 |  1472M |  38 |4730 |7405 |  10k|  93k|  1 |4421 |6913 | 4.874156e+04 | 6.068800e+04 |  24.51%|  10.91%
 time | node  | left  |LP iter|LP it/n|mem/heur|mdpt |vars |cons |rows |cuts |sepa|confs|strbr|  dualbound   | primalbound  |  gap   | compl. 
  925m|  6300 |  2681 | 10074k|1367.4 |  1478M |  38 |4730 |7377 |  10k|  94k|  0 |4421 |6949 | 4.874156e+04 | 6.068800e+04 |  24.51%|  10.95%
  929m|  6400 |  2725 | 10221k|1368.7 |  1484M |  38 |4730 |7334 |  10k|  95k|  0 |4438 |7037 | 4.874156e+04 | 6.068800e+04 |  24.51%|  11.37%
  932m|  6500 |  2771 | 10385k|1372.4 |  1491M |  38 |4730 |7323 |  10k|  96k|  1 |4458 |7051 | 4.874156e+04 | 6.068800e+04 |  24.51%|  11.37%
  933m|  6600 |  2821 | 10471k|1365.7 |  1495M |  38 |4730 |7355 |  10k|  96k|  2 |4516 |7115 | 4.874156e+04 | 6.068800e+04 |  24.51%|  11.37%
  936m|  6700 |  2849 | 10561k|1359.7 |  1499M |  38 |4730 |7519 |  10k|  97k|  1 |4716 |7263 | 4.874156e+04 | 6.068800e+04 |  24.51%|  11.40%
  938m|  6800 |  2885 | 10628k|1350.9 |  1501M |  38 |4730 |7582 |  10k|  97k|  0 |4791 |7317 | 4.874156e+04 | 6.068800e+04 |  24.51%|  11.40%
  940m|  6900 |  2941 | 10713k|1344.6 |  1503M |  38 |4730 |7604 |  10k|  97k|  6 |4843 |7373 | 4.874156e+04 | 6.068800e+04 |  24.51%|  11.40%
  942m|  7000 |  2971 | 10798k|1338.5 |  1508M |  38 |4730 |7570 |  10k|  98k|  0 |4886 |7454 | 4.874156e+04 | 6.068800e+04 |  24.51%|  11.46%
  944m|  7100 |  3001 | 10867k|1330.5 |  1509M |  38 |4730 |7614 |  10k|  98k|  1 |4937 |7469 | 4.874156e+04 | 6.068800e+04 |  24.51%|  11.50%
  947m|  7200 |  3035 | 10948k|1324.2 |  1510M |  38 |4730 |7673 |9927 |  99k|  1 |5025 |7593 | 4.874156e+04 | 6.068800e+04 |  24.51%|  11.54%
  949m|  7300 |  3067 | 11048k|1320.3 |  1515M |  38 |4730 |7666 |  10k| 100k|  0 |5049 |7673 | 4.874156e+04 | 6.068800e+04 |  24.51%|  11.59%
  951m|  7400 |  3106 | 11131k|1314.5 |  1517M |  38 |4730 |7702 |  10k| 100k|  0 |5111 |7716 | 4.874156e+04 | 6.068800e+04 |  24.51%|  11.60%
  953m|  7500 |  3152 | 11228k|1310.6 |  1518M |  38 |4730 |7748 |  10k| 101k|  2 |5181 |7784 | 4.874156e+04 | 6.068800e+04 |  24.51%|  11.60%
  956m|  7600 |  3194 | 11433k|1319.0 |  1519M |  38 |4730 |7734 |9867 | 101k|  0 |5206 |7844 | 4.874156e+04 | 6.068800e+04 |  24.51%|  11.62%
  960m|  7700 |  3246 | 11545k|1316.8 |  1526M |  38 |4730 |7753 |  10k| 101k|  2 |5248 |7863 | 4.874156e+04 | 6.068800e+04 |  24.51%|  11.62%
 time | node  | left  |LP iter|LP it/n|mem/heur|mdpt |vars |cons |rows |cuts |sepa|confs|strbr|  dualbound   | primalbound  |  gap   | compl. 
  963m|  7800 |  3286 | 11646k|1313.3 |  1529M |  38 |4730 |7777 |  10k| 101k|  0 |5295 |7875 | 4.874156e+04 | 6.068800e+04 |  24.51%|  11.62%
  966m|  7900 |  3318 | 11754k|1310.7 |  1533M |  38 |4730 |7794 |9959 | 102k|  2 |5337 |7896 | 4.874156e+04 | 6.068800e+04 |  24.51%|  11.63%
  971m|  8000 |  3362 | 11869k|1308.9 |  1536M |  38 |4730 |7789 |  10k| 102k|  1 |5376 |7917 | 4.874156e+04 | 6.068800e+04 |  24.51%|  11.64%
pressed CTRL-C 1 times (5 times for forcing termination)
pressed CTRL-C 1 times (5 times for forcing termination)

SCIP Status        : solving was interrupted [user interrupt]
Solving Time (sec) : 58444.77
Solving Nodes      : 8096 (total of 9155 nodes in 2 runs)
Primal Bound       : +6.06880000000000e+04 (63 solutions)
Dual Bound         : +4.87415555555556e+04
Gap                : 24.51 %
