SCIP version 10.0.0 [precision: 8 byte] [memory: block] [mode: optimized] [LP solver: Soplex 8.0.0] [GitHash: 860534740c]
Copyright (c) 2002-2025 Zuse Institute Berlin (ZIB)

External libraries: 
  Soplex 8.0.0         Linear Programming Solver developed at Zuse Institute Berlin (soplex.zib.de) [GitHash: 17fa8dbc]
  CppAD 20180000.0     Algorithmic Differentiation of C++ algorithms developed by B. Bell (github.com/coin-or/CppAD)
  ZLIB 1.2.13          General purpose compression library by J. Gailly and M. Adler (zlib.net)
  TinyCThread 1.2      small portable implementation of the C11 threads API (tinycthread.github.io)
  AMPL/MP 4.0.0        AMPL .nl file reader library (github.com/ampl/mp)
  Nauty 2.8.8          Computing Graph Automorphism Groups by Brendan D. McKay (users.cecs.anu.edu.au/~bdm/nauty)
  sassy 1.1            Symmetry preprocessor by Markus Anders (github.com/markusa4/sassy)

user parameter file <scip.set> not found - using default parameters

read problem <ass_coms_en_dies.lp>
============

original problem has 1440 variables (0 bin, 1440 int, 0 impl, 0 cont) and 4084 constraints

solve problem
=============

presolving:
(round 1, fast)       395 del vars, 111 del conss, 0 add conss, 25 chg bounds, 0 chg sides, 0 chg coeffs, 0 upgd conss, 0 impls, 1764 clqs
(round 2, fast)       965 del vars, 1601 del conss, 0 add conss, 25 chg bounds, 0 chg sides, 0 chg coeffs, 0 upgd conss, 0 impls, 1569 clqs
(round 3, fast)       965 del vars, 1731 del conss, 0 add conss, 25 chg bounds, 0 chg sides, 0 chg coeffs, 0 upgd conss, 0 impls, 1569 clqs
(round 4, exhaustive) 965 del vars, 1731 del conss, 0 add conss, 25 chg bounds, 0 chg sides, 0 chg coeffs, 2349 upgd conss, 0 impls, 1569 clqs
(round 5, exhaustive) 965 del vars, 4071 del conss, 780 add conss, 25 chg bounds, 0 chg sides, 0 chg coeffs, 2349 upgd conss, 0 impls, 1569 clqs
(round 6, exhaustive) 1355 del vars, 4461 del conss, 780 add conss, 25 chg bounds, 0 chg sides, 0 chg coeffs, 2349 upgd conss, 0 impls, 789 clqs
   (0.2s) probing cycle finished: starting next cycle
   (0.2s) symmetry computation started: requiring (bin +, int +, cont +), (fixed: bin -, int -, cont -)
   (0.2s) symmetry computation finished: 6 generators found (max: 1500, log10 of symmetry group size: 0.0) (symcode time: 0.00)
dynamic symmetry handling statistics:
   orbitopal reduction:       no components
   orbital reduction:          1 components of sizes 6
   lexicographic reduction:    6 permutations with support sizes 182, 182, 120, 321, 388, 314
handled 1 out of 1 symmetry components
presolving (7 rounds: 7 fast, 4 medium, 4 exhaustive):
 1355 deleted vars, 4461 deleted constraints, 780 added constraints, 25 tightened bounds, 0 added holes, 0 changed sides, 0 changed coefficients
 0 implications, 9436 cliques
presolved problem has 455 variables (455 bin, 0 int, 0 impl, 0 cont) and 403 constraints
      9 constraints of type <setppc>
    390 constraints of type <and>
      4 constraints of type <linear>
transformed objective value is always integral (scale: 2)
Presolving Time: 0.20

 time | node  | left  |LP iter|LP it/n|mem/heur|mdpt |vars |cons |rows |cuts |sepa|confs|strbr|  dualbound   | primalbound  |  gap   | compl. 
p 0.2s|     1 |     0 |     0 |     - |  clique|   0 | 455 | 403 | 793 |   0 |  0 |   0 |   0 | 0.000000e+00 | 7.020000e+03 |    Inf | unknown
  0.3s|     1 |     0 |    35 |     - |    20M |   0 | 455 | 403 | 793 |   0 |  0 |   0 |   0 | 2.630000e+03 | 7.020000e+03 | 166.92%| unknown
  0.3s|     1 |     0 |    68 |     - |    20M |   0 | 455 | 403 | 800 |   7 |  1 |   0 |   0 | 2.630000e+03 | 7.020000e+03 | 166.92%| unknown
  0.4s|     1 |     0 |   101 |     - |    20M |   0 | 455 | 403 | 808 |  15 |  2 |   0 |   0 | 2.642333e+03 | 7.020000e+03 | 165.67%| unknown
  0.5s|     1 |     0 |   130 |     - |    21M |   0 | 455 | 403 | 814 |  21 |  3 |   0 |   0 | 2.693333e+03 | 7.020000e+03 | 160.64%| unknown
  0.5s|     1 |     0 |   162 |     - |    21M |   0 | 455 | 403 | 819 |  26 |  4 |   0 |   0 | 2.702000e+03 | 7.020000e+03 | 159.81%| unknown
  0.7s|     1 |     0 |   181 |     - |    21M |   0 | 455 | 403 | 823 |  30 |  5 |   0 |   0 | 2.702000e+03 | 7.020000e+03 | 159.81%| unknown
  0.8s|     1 |     0 |   195 |     - |    23M |   0 | 455 | 403 | 828 |  35 |  6 |   0 |   0 | 2.702000e+03 | 7.020000e+03 | 159.81%| unknown
  1.0s|     1 |     0 |   209 |     - |    24M |   0 | 455 | 403 | 832 |  39 |  7 |   0 |   0 | 2.703000e+03 | 7.020000e+03 | 159.71%| unknown
  1.2s|     1 |     0 |   226 |     - |    26M |   0 | 455 | 403 | 836 |  43 |  8 |   0 |   0 | 2.703000e+03 | 7.020000e+03 | 159.71%| unknown
  1.4s|     1 |     0 |   240 |     - |    29M |   0 | 455 | 403 | 839 |  46 |  9 |   0 |   0 | 2.703000e+03 | 7.020000e+03 | 159.71%| unknown
  1.5s|     1 |     0 |   259 |     - |    31M |   0 | 455 | 403 | 843 |  50 | 10 |   0 |   0 | 2.703000e+03 | 7.020000e+03 | 159.71%| unknown
  1.6s|     1 |     0 |   282 |     - |    31M |   0 | 455 | 403 | 844 |  55 | 11 |   0 |   0 | 2.704000e+03 | 7.020000e+03 | 159.62%| unknown
  1.6s|     1 |     0 |   305 |     - |    31M |   0 | 455 | 403 | 848 |  59 | 12 |   0 |   0 | 2.704000e+03 | 7.020000e+03 | 159.62%| unknown
  1.6s|     1 |     0 |   319 |     - |    31M |   0 | 455 | 403 | 851 |  62 | 13 |   0 |   0 | 2.704000e+03 | 7.020000e+03 | 159.62%| unknown
 time | node  | left  |LP iter|LP it/n|mem/heur|mdpt |vars |cons |rows |cuts |sepa|confs|strbr|  dualbound   | primalbound  |  gap   | compl. 
  1.6s|     1 |     0 |   333 |     - |    32M |   0 | 455 | 403 | 854 |  65 | 14 |   0 |   0 | 2.704000e+03 | 7.020000e+03 | 159.62%| unknown
  1.6s|     1 |     0 |   344 |     - |    32M |   0 | 455 | 403 | 857 |  68 | 15 |   0 |   0 | 2.704000e+03 | 7.020000e+03 | 159.62%| unknown
  1.6s|     1 |     0 |   372 |     - |    32M |   0 | 455 | 403 | 862 |  73 | 16 |   0 |   0 | 2.704000e+03 | 7.020000e+03 | 159.62%| unknown
  1.6s|     1 |     0 |   391 |     - |    32M |   0 | 455 | 403 | 858 |  76 | 17 |   0 |   0 | 2.704000e+03 | 7.020000e+03 | 159.62%| unknown
  1.6s|     1 |     0 |   418 |     - |    32M |   0 | 455 | 403 | 863 |  81 | 18 |   0 |   0 | 2.704000e+03 | 7.020000e+03 | 159.62%| unknown
  1.7s|     1 |     0 |   437 |     - |    32M |   0 | 455 | 403 | 866 |  84 | 19 |   0 |   0 | 2.704000e+03 | 7.020000e+03 | 159.62%| unknown
  1.7s|     1 |     0 |   461 |     - |    32M |   0 | 455 | 403 | 870 |  88 | 20 |   0 |   0 | 2.704000e+03 | 7.020000e+03 | 159.62%| unknown
d 1.7s|     1 |     0 |   883 |     - |farkasdi|   0 | 455 | 403 | 870 |   0 | 21 |   0 |   0 | 2.704000e+03 | 3.642000e+03 |  34.69%| unknown
  1.8s|     1 |     0 |   890 |     - |    33M |   0 | 455 | 403 | 870 |  88 | 21 |   0 |   0 | 2.704000e+03 | 3.642000e+03 |  34.69%| unknown
  1.8s|     1 |     0 |   890 |     - |    33M |   0 | 455 | 403 | 822 |  88 | 21 |   0 |   0 | 2.704000e+03 | 3.642000e+03 |  34.69%| unknown
  1.8s|     1 |     0 |   890 |     - |    33M |   0 | 455 | 403 | 870 |  88 | 22 |   0 |   0 | 2.704000e+03 | 3.642000e+03 |  34.69%| unknown
(run 1, node 1) restarting after 48 global fixings of integer variables

(restart) converted 77 cuts from the global cut pool into linear constraints

presolving:
(round 1, fast)       48 del vars, 0 del conss, 0 add conss, 0 chg bounds, 0 chg sides, 0 chg coeffs, 0 upgd conss, 0 impls, 8080 clqs
(round 2, exhaustive) 48 del vars, 0 del conss, 0 add conss, 0 chg bounds, 0 chg sides, 0 chg coeffs, 77 upgd conss, 0 impls, 8080 clqs
presolving (3 rounds: 3 fast, 2 medium, 2 exhaustive):
 48 deleted vars, 0 deleted constraints, 0 added constraints, 0 tightened bounds, 0 added holes, 0 changed sides, 0 changed coefficients
 0 implications, 8080 cliques
presolved problem has 407 variables (407 bin, 0 int, 0 impl, 0 cont) and 480 constraints
     75 constraints of type <knapsack>
     59 constraints of type <setppc>
    342 constraints of type <and>
      4 constraints of type <linear>
transformed objective value is always integral (scale: 2)
Presolving Time: 0.22
transformed 2/23 original solutions to the transformed problem space

 time | node  | left  |LP iter|LP it/n|mem/heur|mdpt |vars |cons |rows |cuts |sepa|confs|strbr|  dualbound   | primalbound  |  gap   | compl. 
  1.8s|     1 |     0 |  1060 |     - |    33M |   0 | 407 | 480 | 822 |   0 |  0 |   0 |   0 | 2.704000e+03 | 3.642000e+03 |  34.69%| unknown
  1.9s|     1 |     0 |  1111 |     - |    33M |   0 | 407 | 480 | 826 |   4 |  1 |   0 |   0 | 2.736000e+03 | 3.642000e+03 |  33.11%| unknown
  1.9s|     1 |     0 |  1111 |     - |    33M |   0 | 407 | 480 | 825 |   4 |  1 |   0 |   0 | 2.736000e+03 | 3.642000e+03 |  33.11%| unknown
  2.1s|     1 |     0 |  1141 |     - |    33M |   0 | 407 | 480 | 830 |   9 |  2 |   0 |   0 | 2.736667e+03 | 3.642000e+03 |  33.08%| unknown
  2.2s|     1 |     0 |  1170 |     - |    34M |   0 | 407 | 480 | 833 |  12 |  3 |   0 |   0 | 2.738000e+03 | 3.642000e+03 |  33.02%| unknown
  2.4s|     1 |     0 |  1198 |     - |    34M |   0 | 407 | 480 | 838 |  17 |  4 |   0 |   0 | 2.740000e+03 | 3.642000e+03 |  32.92%| unknown
  2.6s|     1 |     0 |  1214 |     - |    36M |   0 | 407 | 480 | 845 |  24 |  5 |   0 |   0 | 2.740000e+03 | 3.642000e+03 |  32.92%| unknown
  2.7s|     1 |     0 |  1236 |     - |    36M |   0 | 407 | 480 | 849 |  28 |  6 |   0 |   0 | 2.740000e+03 | 3.642000e+03 |  32.92%| unknown
  2.9s|     1 |     0 |  1298 |     - |    36M |   0 | 407 | 480 | 855 |  34 |  7 |   0 |   0 | 2.741886e+03 | 3.642000e+03 |  32.83%| unknown
  3.0s|     1 |     0 |  1378 |     - |    39M |   0 | 407 | 480 | 861 |  40 |  8 |   0 |   0 | 2.758443e+03 | 3.642000e+03 |  32.03%| unknown
  3.0s|     1 |     0 |  1378 |     - |    39M |   0 | 407 | 480 | 860 |  40 |  8 |   0 |   0 | 2.758443e+03 | 3.642000e+03 |  32.03%| unknown
  3.2s|     1 |     0 |  1442 |     - |    44M |   0 | 407 | 480 | 868 |  48 |  9 |   0 |   0 | 2.769633e+03 | 3.642000e+03 |  31.50%| unknown
  3.2s|     1 |     0 |  1442 |     - |    44M |   0 | 407 | 480 | 867 |  48 |  9 |   0 |   0 | 2.769633e+03 | 3.642000e+03 |  31.50%| unknown
  3.4s|     1 |     0 |  1503 |     - |    45M |   0 | 407 | 480 | 871 |  52 | 10 |   0 |   0 | 2.779678e+03 | 3.642000e+03 |  31.02%| unknown
  3.4s|     1 |     0 |  1574 |     - |    45M |   0 | 407 | 480 | 854 |  57 | 11 |   0 |   0 | 2.785150e+03 | 3.642000e+03 |  30.76%| unknown
 time | node  | left  |LP iter|LP it/n|mem/heur|mdpt |vars |cons |rows |cuts |sepa|confs|strbr|  dualbound   | primalbound  |  gap   | compl. 
  3.4s|     1 |     0 |  1605 |     - |    45M |   0 | 407 | 481 | 859 |  62 | 12 |   1 |   0 | 2.787450e+03 | 3.642000e+03 |  30.66%| unknown
  3.5s|     1 |     0 |  1675 |     - |    45M |   0 | 407 | 481 | 865 |  68 | 13 |   1 |   0 | 2.793243e+03 | 3.642000e+03 |  30.39%| unknown
  3.5s|     1 |     0 |  1714 |     - |    46M |   0 | 407 | 481 | 871 |  74 | 14 |   1 |   0 | 2.796088e+03 | 3.642000e+03 |  30.25%| unknown
  3.5s|     1 |     0 |  1799 |     - |    46M |   0 | 407 | 481 | 878 |  81 | 15 |   1 |   0 | 2.802107e+03 | 3.642000e+03 |  29.97%| unknown
  3.5s|     1 |     0 |  1827 |     - |    46M |   0 | 407 | 481 | 882 |  85 | 16 |   1 |   0 | 2.802755e+03 | 3.642000e+03 |  29.94%| unknown
  3.5s|     1 |     0 |  1843 |     - |    46M |   0 | 407 | 481 | 877 |  90 | 17 |   1 |   0 | 2.803128e+03 | 3.642000e+03 |  29.93%| unknown
  3.6s|     1 |     0 |  1853 |     - |    46M |   0 | 407 | 481 | 879 |  92 | 18 |   1 |   0 | 2.803354e+03 | 3.642000e+03 |  29.92%| unknown
  3.6s|     1 |     0 |  1872 |     - |    46M |   0 | 407 | 483 | 881 |  94 | 19 |   3 |   0 | 2.803685e+03 | 3.642000e+03 |  29.90%| unknown
  3.6s|     1 |     0 |  1906 |     - |    46M |   0 | 407 | 483 | 883 |  96 | 20 |   3 |   0 | 2.804522e+03 | 3.642000e+03 |  29.86%| unknown
  3.6s|     1 |     0 |  1908 |     - |    46M |   0 | 407 | 484 | 884 |  97 | 21 |   4 |   0 | 2.804522e+03 | 3.642000e+03 |  29.86%| unknown
  3.6s|     1 |     0 |  1908 |     - |    46M |   0 | 407 | 484 | 887 |  97 | 22 |   4 |   0 | 2.804522e+03 | 3.642000e+03 |  29.86%| unknown
  4.0s|     1 |     2 |  2721 |     - |    46M |   0 | 407 | 484 | 887 |  97 | 23 |   4 |  22 | 2.807810e+03 | 3.642000e+03 |  29.71%| unknown
* 5.0s|    11 |     6 |  3522 | 185.7 |strongbr|   5 | 407 | 501 | 822 | 107 |  1 |  21 | 191 | 2.809500e+03 | 3.606000e+03 |  28.35%|   2.45%
 12.3s|   100 |    17 |  9811 |  83.3 |    50M |  12 | 407 | 997 | 880 | 303 | 12 | 517 |1183 | 2.809500e+03 | 3.606000e+03 |  28.35%|  37.37%
 17.0s|   200 |    31 | 17035 |  77.8 |    50M |  13 | 407 |1408 | 877 | 664 |  3 | 931 |1633 | 2.883333e+03 | 3.606000e+03 |  25.06%|  45.37%
 time | node  | left  |LP iter|LP it/n|mem/heur|mdpt |vars |cons |rows |cuts |sepa|confs|strbr|  dualbound   | primalbound  |  gap   | compl. 
 23.8s|   300 |    37 | 23799 |  74.4 |    55M |  18 | 407 |1610 | 875 |1227 | 14 |1157 |1874 | 2.883333e+03 | 3.606000e+03 |  25.06%|  47.35%
 28.7s|   400 |    39 | 29680 |  70.5 |    57M |  18 | 407 |1757 | 913 |1725 |  1 |1312 |2009 | 3.052900e+03 | 3.606000e+03 |  18.12%|  57.38%
 38.4s|   500 |    35 | 38945 |  74.9 |    60M |  18 | 407 |2003 | 908 |2752 |  1 |1580 |2190 | 3.124214e+03 | 3.606000e+03 |  15.42%|  71.41%
 42.1s|   600 |    20 | 44133 |  71.1 |    61M |  18 | 407 |2103 | 920 |3139 |  1 |1696 |2264 | 3.263000e+03 | 3.606000e+03 |  10.51%|  78.93%

SCIP Status        : problem is solved [optimal solution found]
Solving Time (sec) : 43.83
Solving Nodes      : 687 (total of 688 nodes in 2 runs)
Primal Bound       : +3.60600000000000e+03 (195 solutions)
Dual Bound         : +3.60600000000000e+03
Gap                : 0.00 %

primal solution (original space):
=================================

objective value:                                 3606
y0,3,4                                              1 	(obj:480)
y0,4,3                                              1 	(obj:480)
y1,3,4                                              1 	(obj:480)
y1,4,3                                              1 	(obj:480)
y2,1,4                                              1 	(obj:9)
y2,1,10                                             1 	(obj:28)
y2,1,12                                             1 	(obj:35)
y2,1,13                                             1 	(obj:32)
y2,1,14                                             1 	(obj:35)
y2,4,1                                              1 	(obj:9)
y2,4,10                                             1 	(obj:28)
y2,4,12                                             1 	(obj:28)
y2,4,13                                             1 	(obj:28)
y2,4,14                                             1 	(obj:29)
y2,10,1                                             1 	(obj:28)
y2,10,4                                             1 	(obj:28)
y2,10,12                                            1 	(obj:18)
y2,10,13                                            1 	(obj:16)
y2,10,14                                            1 	(obj:19)
y2,12,1                                             1 	(obj:35)
y2,12,4                                             1 	(obj:28)
y2,12,10                                            1 	(obj:18)
y2,12,13                                            1 	(obj:2)
y2,12,14                                            1 	(obj:1)
y2,13,1                                             1 	(obj:32)
y2,13,4                                             1 	(obj:28)
y2,13,10                                            1 	(obj:16)
y2,13,12                                            1 	(obj:2)
y2,13,14                                            1 	(obj:3)
y2,14,1                                             1 	(obj:35)
y2,14,4                                             1 	(obj:29)
y2,14,10                                            1 	(obj:19)
y2,14,12                                            1 	(obj:1)
y2,14,13                                            1 	(obj:3)
y3,2,4                                              1 	(obj:78)
y3,2,12                                             1 	(obj:73)
y3,2,14                                             1 	(obj:73)
y3,4,2                                              1 	(obj:78)
y3,4,12                                             1 	(obj:28)
y3,4,14                                             1 	(obj:29)
y3,12,2                                             1 	(obj:73)
y3,12,4                                             1 	(obj:28)
y3,12,14                                            1 	(obj:1)
y3,14,2                                             1 	(obj:73)
y3,14,4                                             1 	(obj:29)
y3,14,12                                            1 	(obj:1)
y4,0,1                                              1 	(obj:13)
y4,0,4                                              1 	(obj:9)
y4,0,5                                              1 	(obj:7)
y4,0,6                                              1 	(obj:7)
y4,0,7                                              1 	(obj:8)
y4,0,8                                              1 	(obj:9)
y4,0,9                                              1 	(obj:9)
y4,1,0                                              1 	(obj:13)
y4,1,4                                              1 	(obj:9)
y4,1,5                                              1 	(obj:17)
y4,1,6                                              1 	(obj:17)
y4,1,7                                              1 	(obj:17)
y4,1,8                                              1 	(obj:16)
y4,1,9                                              1 	(obj:16)
y4,4,0                                              1 	(obj:9)
y4,4,1                                              1 	(obj:9)
y4,4,5                                              1 	(obj:16)
y4,4,6                                              1 	(obj:16)
y4,4,7                                              1 	(obj:16)
y4,4,8                                              1 	(obj:16)
y4,4,9                                              1 	(obj:16)
y4,5,0                                              1 	(obj:7)
y4,5,1                                              1 	(obj:17)
y4,5,4                                              1 	(obj:16)
y4,5,6                                              1 	(obj:1)
y4,5,7                                              1 	(obj:1)
y4,5,8                                              1 	(obj:2)
y4,5,9                                              1 	(obj:2)
y4,6,0                                              1 	(obj:7)
y4,6,1                                              1 	(obj:17)
y4,6,4                                              1 	(obj:16)
y4,6,5                                              1 	(obj:1)
y4,6,7                                              1 	(obj:1)
y4,6,8                                              1 	(obj:2)
y4,6,9                                              1 	(obj:2)
y4,7,0                                              1 	(obj:8)
y4,7,1                                              1 	(obj:17)
y4,7,4                                              1 	(obj:16)
y4,7,5                                              1 	(obj:1)
y4,7,6                                              1 	(obj:1)
y4,7,8                                              1 	(obj:2)
y4,7,9                                              1 	(obj:2)
y4,8,0                                              1 	(obj:9)
y4,8,1                                              1 	(obj:16)
y4,8,4                                              1 	(obj:16)
y4,8,5                                              1 	(obj:2)
y4,8,6                                              1 	(obj:2)
y4,8,7                                              1 	(obj:2)
y4,8,9                                              1 	(obj:1)
y4,9,0                                              1 	(obj:9)
y4,9,1                                              1 	(obj:16)
y4,9,4                                              1 	(obj:16)
y4,9,5                                              1 	(obj:2)
y4,9,6                                              1 	(obj:2)
y4,9,7                                              1 	(obj:2)
y4,9,8                                              1 	(obj:1)
x0,3                                                1 	(obj:0)
x0,4                                                1 	(obj:0)
x1,3                                                1 	(obj:0)
x1,4                                                1 	(obj:0)
x2,1                                                1 	(obj:0)
x2,4                                                1 	(obj:0)
x2,10                                               1 	(obj:0)
x2,12                                               1 	(obj:0)
x2,13                                               1 	(obj:0)
x2,14                                               1 	(obj:0)
x3,2                                                1 	(obj:0)
x3,4                                                1 	(obj:0)
x3,12                                               1 	(obj:0)
x3,14                                               1 	(obj:0)
x4,0                                                1 	(obj:0)
x4,1                                                1 	(obj:0)
x4,4                                                1 	(obj:0)
x4,5                                                1 	(obj:0)
x4,6                                                1 	(obj:0)
x4,7                                                1 	(obj:0)
x4,8                                                1 	(obj:0)
x4,9                                                1 	(obj:0)

Statistics
==========

SCIP Status        : problem is solved [optimal solution found]
Total Time         :      43.87
  solving          :      43.83
  presolving       :       0.22 (included in solving)
  reading          :       0.04
  copying          :       0.05 (6 #copies) (minimal 0.00, maximal 0.02, average 0.01)
Original Problem   :
  Problem name     : ass_coms_en_dies.lp
  Variables        : 1440 (0 binary, 1440 integer, 0 implicit integer, 0 continuous)
  Constraints      : 4084 initial, 4084 maximal
  Objective        : minimize, 1260 non-zeros (abs.min = 1, abs.max = 480)
Presolved Problem  :
  Problem name     : t_ass_coms_en_dies.lp
  Variables        : 407 (407 binary, 0 integer, 0 implicit integer, 0 continuous)
  Constraints      : 480 initial, 2153 maximal
  Objective        : minimize, 387 non-zeros (abs.min = 1, abs.max = 480)
  Nonzeros         : 1717 constraint, 16115 clique table
Presolvers         :   ExecTime  SetupTime  Calls  FixedVars   AggrVars   ChgTypes  ChgBounds   AddHoles    DelCons    AddCons   ChgSides   ChgCoefs
  boundshift       :       0.00       0.00      0          0          0          0          0          0          0          0          0          0
  convertinttobin  :       0.00       0.00      0          0          0          0          0          0          0          0          0          0
  domcol           :       0.00       0.00      2          0          0          0          0          0          0          0          0          0
  dualagg          :       0.00       0.00      0          0          0          0          0          0          0          0          0          0
  dualcomp         :       0.00       0.00      0          0          0          0          0          0          0          0          0          0
  dualinfer        :       0.00       0.00      0          0          0          0          0          0          0          0          0          0
  dualsparsify     :       0.00       0.00      1          0          0          0          0          0          0          0          0          0
  gateextraction   :       0.01       0.00      1          0          0          0          0          0       2340        780          0          0
  implics          :       0.00       0.00      6          0          0          0          0          0          0          0          0          0
  implint          :       0.00       0.00      0          0          0          0          0          0          0          0          0          0
  inttobinary      :       0.00       0.00      0          0          0          0          0          0          0          0          0          0
  qpkktref         :       0.00       0.00      0          0          0          0          0          0          0          0          0          0
  redvub           :       0.00       0.00      0          0          0          0          0          0          0          0          0          0
  sparsify         :       0.00       0.00      1          0          0          0          0          0          0          0          0          0
  stuffing         :       0.00       0.00      0          0          0          0          0          0          0          0          0          0
  trivial          :       0.00       0.00     10        418          0          0          0          0          0          0          0          0
  tworowbnd        :       0.00       0.00      0          0          0          0          0          0          0          0          0          0
  dualfix          :       0.00       0.00     10         70          0          0          0          0          0          0          0          0
  genvbounds       :       0.00       0.00      0          0          0          0          0          0          0          0          0          0
  probing          :       0.13       0.00      1          0          0          0          0          0          0          0          0          0
  pseudoobj        :       0.00       0.00      2          0          0          0          0          0          0          0          0          0
  symmetry         :       0.01       0.00      1          0          0          0          0          0          0          0          0          0
  vbounds          :       0.00       0.00      2          0          0          0          0          0          0          0          0          0
  knapsack         :       0.00       0.00      3          0          0          0          0          0          0          0          0          0
  setppc           :       0.00       0.00     15          0          0          0          0          0          0          0          0          0
  and              :       0.01       0.00      9          0        390          0          0          0        390          0          0          0
  linear           :       0.04       0.00     14         25        130          0         25          0       1731          0          0          0
  logicor          :       0.00       0.00      2          0          0          0          0          0          0          0          0          0
  benders          :       0.00       0.00      0          0          0          0          0          0          0          0          0          0
  components       :       0.00       0.00      2          0          0          0          0          0          0          0          0          0
  root node        :          -          -      -        340          -          -        340          -          -          -          -          -
Constraints        :     Number  MaxNumber  #Separate #Propagate    #EnfoLP    #EnfoRelax  #EnfoPS    #Check   #ResProp    Cutoffs    DomReds       Cuts    Applied      Conss   Children
  benderslp        :          0          0          0          0        771          0          0        252          0          0          0          0          0          0          0
  integral         :          0          0          0          0        771          0          0        252          0          0       1842          0          0       1476        696
  knapsack         :         75         75         23      13915          0          0          0          0       3985         13       3067         10          3          0          0
  setppc           :         59+        66         46      16322          0          0          0        245       5286         76       3388          0          0          0          0
  and              :        342        342       1630      16348          0          0          0        201       9704         90      28454        692        256          0          0
  linear           :          4          4         46      15897          0          0          0        200       1591         34        947          0          0          0          0
  logicor          :          0+      1673         12       7533          0          0          0          0        384         74        206          0          0          0          0
  benders          :          0          0          0          0          0          0          0        198          0          0          0          0          0          0          0
  fixedvar         :          0          0          0          0          0          0          0        198          0          0          0          0          0          0          0
  countsols        :          0          0          0          0          0          0          0        198          0          0          0          0          0          0          0
  components       :          0          0          0          0          0          0          0          0          0          0          0          0          0          0          0
Constraint Timings :  TotalTime  SetupTime   Separate  Propagate     EnfoLP     EnfoPS     EnfoRelax   Check    ResProp    SB-Prop
  benderslp        :       0.00       0.00       0.00       0.00       0.00       0.00       0.00       0.00       0.00       0.00
  integral         :      14.16       0.00       0.00       0.00      14.16       0.00       0.00       0.00       0.00       0.00
  knapsack         :       0.26       0.00       0.02       0.07       0.00       0.00       0.00       0.00       0.01       0.16
  setppc           :       0.13       0.00       0.00       0.03       0.00       0.00       0.00       0.01       0.00       0.09
  and              :       0.84       0.00       0.16       0.21       0.00       0.00       0.00       0.02       0.01       0.44
  linear           :       0.06       0.00       0.00       0.02       0.00       0.00       0.00       0.00       0.00       0.03
  logicor          :       0.20       0.00       0.00       0.10       0.00       0.00       0.00       0.00       0.00       0.10
  benders          :       0.00       0.00       0.00       0.00       0.00       0.00       0.00       0.00       0.00       0.00
  fixedvar         :       0.04       0.00       0.00       0.00       0.00       0.00       0.00       0.04       0.00       0.00
  countsols        :       0.00       0.00       0.00       0.00       0.00       0.00       0.00       0.00       0.00       0.00
  components       :       0.00       0.00       0.00       0.00       0.00       0.00       0.00       0.00       0.00       0.00
Propagators        : #Propagate   #ResProp    Cutoffs    DomReds
  dualfix          :          8          0          0          0
  genvbounds       :          0          0          0          0
  nlobbt           :          0          0          0          0
  obbt             :          0          0          0          0
  probing          :          0          0          0          0
  pseudoobj        :       4162          9          7         46
  redcost          :       2989          0          0       7225
  rootredcost      :          2          0          0          4
  symmetry         :          0          0          0          0
  vbounds          :      11398          0          0          0
Propagator Timings :  TotalTime  SetupTime   Presolve  Propagate    ResProp    SB-Prop
  dualfix          :       0.00       0.00       0.00       0.00       0.00       0.00
  genvbounds       :       0.01       0.00       0.00       0.00       0.00       0.00
  nlobbt           :       0.00       0.00       0.00       0.00       0.00       0.00
  obbt             :       0.00       0.00       0.00       0.00       0.00       0.00
  probing          :       0.13       0.00       0.13       0.00       0.00       0.00
  pseudoobj        :       0.03       0.00       0.00       0.02       0.00       0.00
  redcost          :       0.11       0.00       0.00       0.11       0.00       0.00
  rootredcost      :       0.01       0.00       0.00       0.00       0.00       0.00
  symmetry         :       0.02       0.00       0.01       0.00       0.00       0.01
  vbounds          :       0.03       0.00       0.00       0.01       0.00       0.01
Symmetry           :
  orbitopal red.   :          0 reductions applied,          0 cutoffs
  orbital reduction:          0 reductions applied,          0 cutoffs
  lexicographic red:          0 reductions applied,          0 cutoffs
  shadow tree time :       0.00 s
Conflict Analysis  :       Time      Calls    Success    DomReds  Conflicts   Literals    Reconvs ReconvLits   Dualrays   Nonzeros   LP Iters   (pool size: [10000,10000])
  propagation      :       0.02        274        264          -        899       19.5          1        6.0          -          -          -
  infeasible LP    :       0.00          1          1          -          2        8.5          1       10.0          1        9.0          0
  bound exceed. LP :       1.09       1006        425          -       3027       25.7          1       15.0          0        0.0       5847
  strong branching :       0.00          0          0          -          0        0.0          0        0.0          -          -          0
  pseudo solution  :       0.00          0          0          -          0        0.0          0        0.0          -          -          -
  applied globally :       0.08          -          -          0       1763       18.0          -          -          1          -          -
  applied locally  :          -          -          -          0          0        0.0          -          -          0          -          -
Separators         :   ExecTime  SetupTime      Calls  RootCalls    Cutoffs    DomReds  FoundCuts ViaPoolAdd  DirectAdd    Applied ViaPoolApp  DirectApp      Conss
  cut pool         :       0.83          -       1105         85          -          -      13936      33345          -          -          -          -          -    (maximal pool size:       2855)
  aggregation      :       1.25       0.00        686         46          0          0         14         84          0         17         17          0          0
  > cmir           :          -          -          -          -          -          -          -         76          0         16         16          0          -
  > flowcover      :          -          -          -          -          -          -          -          0          0          0          0          0          -
  > knapsackcover  :          -          -          -          -          -          -          -          8          0          1          1          0          -
  cgmip            :       0.00       0.00          0          0          0          0          0          0          0          0          0          0          0
  clique           :       0.05       0.00         46         46          0          0         22         31          0          1          1          0          0
  closecuts        :       0.00       0.00          0          0          0          0          0          0          0          0          0          0          0
  convexproj       :       0.00       0.00          0          0          0          0          0          0          0          0          0          0          0
  disjunctive      :       0.00       0.00          0          0          0          0          0          0          0          0          0          0          0
  eccuts           :       0.00       0.00          0          0          0          0          0          0          0          0          0          0          0
  gauge            :       0.00       0.00          0          0          0          0          0          0          0          0          0          0          0
  gomory           :      15.02       0.00        306         20          0          0      12739      26045          0        755        755          0          0
  > gomorymi       :          -          -          -          -          -          -          -      10485          0        125        125          0          -
  > strongcg       :          -          -          -          -          -          -          -      15560          0        630        630          0          -
  impliedbounds    :       0.64       0.00        686         46          0          0        285        434          0        314        314          0          0
  interminor       :       0.00       0.00          0          0          0          0          0          0          0          0          0          0          0
  intobj           :       0.00       0.00          0          0          0          0          0          0          0          0          0          0          0
  lagromory        :       0.00       0.00          0          0          0          0          0          0          0          0          0          0          0
  mcf              :       0.00       0.00          2          2          0          0          0          0          0          0          0          0          0
  minor            :       0.00       0.00          0          0          0          0          0          0          0          0          0          0          0
  mixing           :       0.00       0.00          0          0          0          0          0          0          0          0          0          0          0
  multilinear      :       0.00       0.00         95         46          0          0          0          0          0          0          0          0          0
  oddcycle         :       0.00       0.00          0          0          0          0          0          0          0          0          0          0          0
  rapidlearning    :       0.00       0.00          0          0          0          0          0          0          0          0          0          0          0
  rlt              :       0.00       0.00         20         20          0          0          0          0          0          0          0          0          0
  zerohalf         :       0.73       0.00        326         40          0          0        876       6751          0       2102       2102          0          0
Cutselectors       :   ExecTime  SetupTime      Calls  RootCalls   Selected     Forced   Filtered  RootSelec   RootForc   RootFilt 
  hybrid           :       0.07       0.00        797         41       3448          0      30599        185          0       3319
  ensemble         :       0.00       0.00          0          0          0          0          0          0          0          0
  dynamic          :       0.00       0.00          0          0          0          0          0          0          0          0
Pricers            :   ExecTime  SetupTime      Calls       Vars
  problem variables:       0.00          -          0          0
Branching Rules    :   ExecTime  SetupTime   BranchLP  BranchExt   BranchPS    Cutoffs    DomReds       Cuts      Conss   Children
  allfullstrong    :       0.00       0.00          0          0          0          0          0          0          0          0
  cloud            :       0.00       0.00          0          0          0          0          0          0          0          0
  distribution     :       0.00       0.00          0          0          0          0          0          0          0          0
  fullstrong       :       0.00       0.00          0          0          0          0          0          0          0          0
  gomory           :       0.00       0.00          0          0          0          0          0          0          0          0
  inference        :       0.00       0.00          0          0          0          0          0          0          0          0
  leastinf         :       0.00       0.00          0          0          0          0          0          0          0          0
  lookahead        :       0.00       0.00          0          0          0          0          0          0          0          0
  mostinf          :       0.00       0.00          0          0          0          0          0          0          0          0
  multaggr         :       0.00       0.00          0          0          0          0          0          0          0          0
  nodereopt        :       0.00       0.00          0          0          0          0          0          0          0          0
  pscost           :       0.00       0.00          0          0          0          0          0          0          0          0
  random           :       0.00       0.00          0          0          0          0          0          0          0          0
  relpscost        :      14.16       0.00        771          0          0          0       1842          0       1498        696
  vanillafullstrong:       0.00       0.00          0          0          0          0          0          0          0          0
Primal Heuristics  :   ExecTime  SetupTime      Calls      Found       Best
  LP solutions     :       0.00          -          -          0          0
  relax solutions  :       0.00          -          -          0          0
  pseudo solutions :       0.00          -          -          0          0
  strong branching :       0.01          -          -          1          1
  actconsdiving    :       0.00       0.00          0          0          0
  adaptivediving   :       0.00       0.00          0          0          0
  alns             :       0.01       0.00          1          0          0
  bound            :       0.00       0.00          0          0          0
  clique           :       0.01       0.00          1          1          1
  coefdiving       :       0.00       0.00          0          0          0
  completesol      :       0.00       0.00          0          0          0
  conflictdiving   :       0.03       0.00          1          0          0
  crossover        :       0.11       0.00          1          0          0
  dins             :       0.00       0.00          0          0          0
  distributiondivin:       0.01       0.00          0          0          0
  dps              :       0.00       0.00          0          0          0
  dualval          :       0.00       0.00          0          0          0
  farkasdiving     :       0.11       0.00          2          1          1
  feaspump         :       0.00       0.00          0          0          0
  fixandinfer      :       0.00       0.00          0          0          0
  fracdiving       :       0.00       0.00          0          0          0
  gins             :       0.00       0.00          0          0          0
  guideddiving     :       0.00       0.00          0          0          0
  indicator        :       0.00       0.00          0          0          0
  indicatordiving  :       0.00       0.00          0          0          0
  intdiving        :       0.00       0.00          0          0          0
  intshifting      :       0.00       0.00          0          0          0
  linesearchdiving :       0.00       0.00          0          0          0
  localbranching   :       0.00       0.00          0          0          0
  locks            :       0.00       0.00          1          0          0
  lpface           :       0.00       0.00          0          0          0
  mpec             :       0.00       0.00          0          0          0
  multistart       :       0.00       0.00          0          0          0
  mutation         :       0.00       0.00          0          0          0
  nlpdiving        :       0.00       0.00          0          0          0
  objpscostdiving  :       0.00       0.00          0          0          0
  octane           :       0.00       0.00          0          0          0
  ofins            :       0.00       0.00          0          0          0
  oneopt           :       0.00       0.00          3          0          0
  padm             :       0.00       0.00          0          0          0
  proximity        :       0.00       0.00          0          0          0
  pscostdiving     :       0.00       0.00          0          0          0
  randrounding     :       0.08       0.00         44          0          0
  rens             :       0.06       0.00          2          0          0
  reoptsols        :       0.00       0.00          0          0          0
  repair           :       0.00       0.00          0          0          0
  rins             :       0.07       0.00          1          0          0
  rootsoldiving    :       0.00       0.00          0          0          0
  rounding         :       0.08       0.00        480          0          0
  scheduler        :       0.00       0.00          0          0          0
  shiftandpropagate:       0.00       0.00          0          0          0
  shifting         :       0.84       0.00        748        192          0
  simplerounding   :       0.00       0.00          0          0          0
  subnlp           :       0.00       0.00          0          0          0
  trivial          :       0.00       0.00          4          0          0
  trivialnegation  :       0.00       0.00          0          0          0
  trustregion      :       0.00       0.00          0          0          0
  trysol           :       0.00       0.00          0          0          0
  twoopt           :       0.00       0.00          0          0          0
  undercover       :       0.03       0.00          1          0          0
  vbounds          :       0.02       0.00          2          0          0
  veclendiving     :       0.00       0.00          0          0          0
  zeroobj          :       0.00       0.00          0          0          0
  zirounding       :       0.02       0.00        349          0          0
  other solutions  :          -          -          -          0          -
LNS (Scheduler)    :      Calls  SetupTime  SolveTime SolveNodes       Sols       Best       Exp3    Exp3-IX  EpsGreedy        UCB TgtFixRate  Opt  Inf Node Stal  Sol  Usr Othr Actv
  rens             :          0       0.00       0.00          0          0          0    0.00000    0.12500   -1.00000    1.00000      0.900    0    0    0    0    0    0    0    1
  rins             :          0       0.00       0.00          0          0          0    0.00000    0.12500   -1.00000    1.00000      0.900    0    0    0    0    0    0    0    1
  mutation         :          0       0.00       0.00          0          0          0    0.00000    0.12500   -1.00000    1.00000      0.900    0    0    0    0    0    0    0    1
  localbranching   :          0       0.00       0.00          0          0          0    0.00000    0.12500   -1.00000    1.00000      0.900    0    0    0    0    0    0    0    1
  crossover        :          0       0.00       0.00          0          0          0    0.00000    0.12500   -1.00000    1.00000      0.900    0    0    0    0    0    0    0    1
  proximity        :          0       0.00       0.00          0          0          0    0.00000    0.12500   -1.00000    1.00000      0.900    0    0    0    0    0    0    0    1
  zeroobjective    :          0       0.00       0.00          0          0          0    0.00000    0.12500   -1.00000    1.00000      0.900    0    0    0    0    0    0    0    1
  dins             :          0       0.00       0.00          0          0          0    0.00000    0.12500   -1.00000    1.00000      0.900    0    0    0    0    0    0    0    1
  trustregion      :          0       0.00       0.00          0          0          0    0.00000    0.00000   -1.00000    1.00000      0.900    0    0    0    0    0    0    0    0
LP                 :       Time      Calls Iterations  Iter/call   Iter/sec  Time-0-It Calls-0-It    ItLimit
  primal LP        :       0.11        143          0       0.00       0.00       0.11        143
  dual LP          :       6.97       2455      46074      25.18    6614.42       0.48        625
  lex dual LP      :       0.00          0          0       0.00          -
  barrier LP       :       0.00          0          0       0.00          -       0.00          0
  resolve instable :       0.00          0          0       0.00          -
  diving/probing LP:       0.68        257       1602       6.23    2362.97
  strong branching :      10.02       2314      99012      42.79    9884.75          -          -        163
    (at root node) :          -         22       2615     118.86          -
  conflict analysis:       0.65        626       5847       9.34    8988.17
B&B Tree           :
  number of runs   :          2
  nodes            :        687 (348 internal, 339 leaves)
  feasible leaves  :          0
  infeas. leaves   :         79
  objective leaves :        260
  nodes (total)    :        688 (348 internal, 340 leaves)
  nodes left       :          0
  max depth        :         18
  max depth (total):         18
  backtracks       :        127 (18.5%)
  early backtracks :          0 (0.0%)
  nodes exc. ref.  :          0 (0.0%)
  delayed cutoffs  :         10
  repropagations   :         49 (995 domain reductions, 10 cutoffs)
  avg switch length:       3.78
  switching time   :       0.30
Root Node          :
  First LP value   : +2.63000000000000e+03
  First LP Iters   :         35 (23224.95 Iter/sec)
  First LP Time    :       0.00
  Final Dual Bound : +2.80781039318680e+03
  Final Root Iters :       1479
  Root LP Estimate : +4.25157527285502e+03
Solution           :
  Solutions found  :        195 (3 improvements)
  First Solution   : +7.02000000000000e+03   (in run 1, after 1 nodes, 0.24 seconds, depth 23, found by <clique>)
  Gap First Sol.   :   infinite
  Gap Last Sol.    :      28.35 %
  Primal Bound     : +3.60600000000000e+03   (in run 2, after 11 nodes, 4.98 seconds, depth 6, found by <relaxation>)
  Dual Bound       : +3.60600000000000e+03
  Gap              :       0.00 %
Integrals          :      Total       Avg%
  primal-dual      :     881.45      20.11
  primal-ref       :          -          - (not evaluated)
  dual-ref         :          -          - (not evaluated)
